X's move
(plays C)
O's move
(plays W)
X's move
(plays NW)
O's move
(plays SE)
X's move
(plays S)
O's move
(plays N)
X's move
(plays SW)
O's move
(plays NE)
X's move
(plays E)
Draw
Score is
X 0
O 0
