X's move
O's move
X's move
O's move
X's move
O's move
X's move
O's move
X's move
Draw
Score is
X 0
O 0
