X's move
O's move
O's move
X's move
X's move
O's move
O's move
X's move
X wins
Score is
X 1
O 0
