X's move
O's move
X's move
O's move
X's move
X wins
Score is
X 1
O 0
O's move
X's move
O's move
X's move
O's move
O wins
Score is
X 1
O 1
X's move
O's move
X's move
O's move
X's move
X wins
Score is
X 2
O 1
