X's move
O's move
(plays S)
X's move
O's move
(plays SW)
X's move
O's move
(plays SE)
O wins
Score is
X 0
O 1
