X's move
(plays C)
O's move
X's move
(plays NE)
O's move
X's move
(plays W)
O's move
O wins
Score is
X 0
O 1
